// Vitest Snapshot v1

exports[`createHighlighter > should render fixture: fixture.c 1`] = `"<pre><code><span style=\\"counter-set: 0\\"><span style=\\"color: var(--shiki-token-keyword)\\">#include</span><span style=\\"color: var(--shiki-color-text)\\"> </span><span style=\\"color: var(--shiki-token-string-expression)\\">&#x26;lt;stdio.h&#x26;gt;</span></span><span style=\\"counter-set: 1\\"></span><span style=\\"counter-set: 2\\"><span style=\\"color: var(--shiki-token-keyword)\\">int</span><span style=\\"color: var(--shiki-color-text)\\"> </span><span style=\\"color: var(--shiki-token-function)\\">main</span><span style=\\"color: var(--shiki-color-text)\\">()</span></span><span style=\\"counter-set: 3\\"><span style=\\"color: var(--shiki-color-text)\\">&#x26;#123;</span></span><span style=\\"counter-set: 4\\"><span style=\\"color: var(--shiki-color-text)\\">  </span><span style=\\"color: var(--shiki-token-function)\\">printf(</span><span style=\\"color: var(--shiki-token-string-expression)\\">&#x26;quot;Hello World&#x26;quot;</span><span style=\\"color: var(--shiki-token-function)\\">)</span><span style=\\"color: var(--shiki-color-text)\\">;</span></span><span style=\\"counter-set: 5\\"><span style=\\"color: var(--shiki-color-text)\\">  </span><span style=\\"color: var(--shiki-token-keyword)\\">return</span><span style=\\"color: var(--shiki-color-text)\\"> </span><span style=\\"color: var(--shiki-token-constant)\\">0</span><span style=\\"color: var(--shiki-color-text)\\">;</span></span><span style=\\"counter-set: 6\\"><span style=\\"color: var(--shiki-color-text)\\">&#x26;#125;</span></span><span style=\\"counter-set: 7\\"></span></code></pre>"`;

exports[`createHighlighter > should render fixture: fixture.cpp 1`] = `"<pre><code><span style=\\"counter-set: 0\\"><span style=\\"color: var(--shiki-token-keyword)\\">#include</span><span style=\\"color: var(--shiki-color-text)\\"> </span><span style=\\"color: var(--shiki-token-string-expression)\\">&#x26;lt;iostream&#x26;gt;</span></span><span style=\\"counter-set: 1\\"></span><span style=\\"counter-set: 2\\"><span style=\\"color: var(--shiki-token-keyword)\\">int</span><span style=\\"color: var(--shiki-color-text)\\"> </span><span style=\\"color: var(--shiki-token-function)\\">main</span><span style=\\"color: var(--shiki-color-text)\\">()</span></span><span style=\\"counter-set: 3\\"><span style=\\"color: var(--shiki-color-text)\\">&#x26;#123;</span></span><span style=\\"counter-set: 4\\"><span style=\\"color: var(--shiki-color-text)\\">  std</span><span style=\\"color: var(--shiki-token-punctuation)\\">::</span><span style=\\"color: var(--shiki-color-text)\\">cout </span><span style=\\"color: var(--shiki-token-keyword)\\">&#x26;lt;&#x26;lt;</span><span style=\\"color: var(--shiki-color-text)\\"> </span><span style=\\"color: var(--shiki-token-string-expression)\\">&#x26;quot;Hello World&#x26;quot;</span><span style=\\"color: var(--shiki-color-text)\\">;</span></span><span style=\\"counter-set: 5\\"><span style=\\"color: var(--shiki-color-text)\\">  </span><span style=\\"color: var(--shiki-token-keyword)\\">return</span><span style=\\"color: var(--shiki-color-text)\\"> </span><span style=\\"color: var(--shiki-token-constant)\\">0</span><span style=\\"color: var(--shiki-color-text)\\">;</span></span><span style=\\"counter-set: 6\\"><span style=\\"color: var(--shiki-color-text)\\">&#x26;#125;</span></span><span style=\\"counter-set: 7\\"></span></code></pre>"`;

exports[`createHighlighter > should render fixture: fixture.css 1`] = `"<pre><code><span style=\\"counter-set: 0\\"><span style=\\"color: var(--shiki-token-function)\\">.fixture::after</span><span style=\\"color: var(--shiki-color-text)\\"> &#x26;#123;</span></span><span style=\\"counter-set: 1\\"><span style=\\"color: var(--shiki-color-text)\\">  </span><span style=\\"color: var(--shiki-token-constant)\\">content</span><span style=\\"color: var(--shiki-token-keyword)\\">:</span><span style=\\"color: var(--shiki-color-text)\\"> </span><span style=\\"color: var(--shiki-token-string-expression)\\">&#x26;quot;hello world&#x26;quot;</span><span style=\\"color: var(--shiki-color-text)\\">;</span></span><span style=\\"counter-set: 2\\"><span style=\\"color: var(--shiki-color-text)\\">&#x26;#125;</span></span><span style=\\"counter-set: 3\\"></span></code></pre>"`;

exports[`createHighlighter > should render fixture: fixture.html 1`] = `"<pre><code><span style=\\"counter-set: 0\\"><span style=\\"color: var(--shiki-color-text)\\">&#x26;lt;!</span><span style=\\"color: var(--shiki-token-string-expression)\\">DOCTYPE</span><span style=\\"color: var(--shiki-color-text)\\"> </span><span style=\\"color: var(--shiki-token-function)\\">html</span><span style=\\"color: var(--shiki-color-text)\\">&#x26;gt;</span></span><span style=\\"counter-set: 1\\"><span style=\\"color: var(--shiki-color-text)\\">&#x26;lt;</span><span style=\\"color: var(--shiki-token-string-expression)\\">html</span><span style=\\"color: var(--shiki-color-text)\\">&#x26;gt;</span></span><span style=\\"counter-set: 2\\"><span style=\\"color: var(--shiki-color-text)\\">  &#x26;lt;</span><span style=\\"color: var(--shiki-token-string-expression)\\">head</span><span style=\\"color: var(--shiki-color-text)\\">&#x26;gt;</span></span><span style=\\"counter-set: 3\\"><span style=\\"color: var(--shiki-color-text)\\">  &#x26;lt;/</span><span style=\\"color: var(--shiki-token-string-expression)\\">head</span><span style=\\"color: var(--shiki-color-text)\\">&#x26;gt;</span></span><span style=\\"counter-set: 4\\"><span style=\\"color: var(--shiki-color-text)\\">  &#x26;lt;</span><span style=\\"color: var(--shiki-token-string-expression)\\">body</span><span style=\\"color: var(--shiki-color-text)\\">&#x26;gt;</span></span><span style=\\"counter-set: 5\\"><span style=\\"color: var(--shiki-color-text)\\">    &#x26;lt;</span><span style=\\"color: var(--shiki-token-string-expression)\\">h1</span><span style=\\"color: var(--shiki-color-text)\\">&#x26;gt;Hello World&#x26;lt;</span><span style=\\"color: var(--shiki-token-string-expression)\\">h1</span><span style=\\"color: var(--shiki-color-text)\\">&#x26;gt;</span></span><span style=\\"counter-set: 6\\"><span style=\\"color: var(--shiki-color-text)\\">  &#x26;lt;/</span><span style=\\"color: var(--shiki-token-string-expression)\\">body</span><span style=\\"color: var(--shiki-color-text)\\">&#x26;gt;</span></span><span style=\\"counter-set: 7\\"><span style=\\"color: var(--shiki-color-text)\\">&#x26;lt;/</span><span style=\\"color: var(--shiki-token-string-expression)\\">html</span><span style=\\"color: var(--shiki-color-text)\\">&#x26;gt;</span></span><span style=\\"counter-set: 8\\"></span></code></pre>"`;

exports[`createHighlighter > should render fixture: fixture.js 1`] = `"<pre><code><span style=\\"counter-set: 0\\"><span style=\\"color: var(--shiki-token-keyword)\\">function</span><span style=\\"color: var(--shiki-color-text)\\"> </span><span style=\\"color: var(--shiki-token-function)\\">hello</span><span style=\\"color: var(--shiki-color-text)\\">(value) &#x26;#123;</span></span><span style=\\"counter-set: 1\\"><span style=\\"color: var(--shiki-color-text)\\">  </span><span style=\\"color: var(--shiki-token-keyword)\\">if</span><span style=\\"color: var(--shiki-color-text)\\"> (</span><span style=\\"color: var(--shiki-token-keyword)\\">typeof</span><span style=\\"color: var(--shiki-color-text)\\"> value </span><span style=\\"color: var(--shiki-token-keyword)\\">===</span><span style=\\"color: var(--shiki-color-text)\\"> </span><span style=\\"color: var(--shiki-token-string-expression)\\">&#x26;quot;string&#x26;quot;</span><span style=\\"color: var(--shiki-color-text)\\">) &#x26;#123;</span></span><span style=\\"counter-set: 2\\"><span style=\\"color: var(--shiki-color-text)\\">    </span><span style=\\"color: var(--shiki-token-constant)\\">console</span><span style=\\"color: var(--shiki-token-function)\\">.log</span><span style=\\"color: var(--shiki-color-text)\\">(</span><span style=\\"color: var(--shiki-token-string-expression)\\">&#x26;#96;Hello </span><span style=\\"color: var(--shiki-token-keyword)\\">$&#x26;#123;</span><span style=\\"color: var(--shiki-color-text)\\">value</span><span style=\\"color: var(--shiki-token-keyword)\\">&#x26;#125;</span><span style=\\"color: var(--shiki-token-string-expression)\\">&#x26;#96;</span><span style=\\"color: var(--shiki-color-text)\\">);</span></span><span style=\\"counter-set: 3\\"><span style=\\"color: var(--shiki-color-text)\\">  &#x26;#125; </span><span style=\\"color: var(--shiki-token-keyword)\\">else</span><span style=\\"color: var(--shiki-color-text)\\"> &#x26;#123;</span></span><span style=\\"counter-set: 4\\"><span style=\\"color: var(--shiki-color-text)\\">    </span><span style=\\"color: var(--shiki-token-keyword)\\">throw</span><span style=\\"color: var(--shiki-color-text)\\"> </span><span style=\\"color: var(--shiki-token-keyword)\\">new</span><span style=\\"color: var(--shiki-color-text)\\"> </span><span style=\\"color: var(--shiki-token-function)\\">Error</span><span style=\\"color: var(--shiki-color-text)\\">(</span><span style=\\"color: var(--shiki-token-string-expression)\\">&#x26;#96;Can not greet &#x26;#39;undefined&#x26;#39;!&#x26;#96;</span><span style=\\"color: var(--shiki-color-text)\\">);</span></span><span style=\\"counter-set: 5\\"><span style=\\"color: var(--shiki-color-text)\\">  &#x26;#125;</span></span><span style=\\"counter-set: 6\\"><span style=\\"color: var(--shiki-color-text)\\">&#x26;#125;</span></span><span style=\\"counter-set: 7\\"></span><span style=\\"counter-set: 8\\"><span style=\\"color: var(--shiki-token-function)\\">hello</span><span style=\\"color: var(--shiki-color-text)\\">(</span><span style=\\"color: var(--shiki-token-string-expression)\\">&#x26;quot;world!&#x26;quot;</span><span style=\\"color: var(--shiki-color-text)\\">);</span></span><span style=\\"counter-set: 9\\"></span></code></pre>"`;

exports[`createHighlighter > should render fixture: fixture.rb 1`] = `"<pre><code><span style=\\"counter-set: 0\\"><span style=\\"color: var(--shiki-token-function)\\">puts</span><span style=\\"color: var(--shiki-color-text)\\"> </span><span style=\\"color: var(--shiki-token-string-expression)\\">&#x26;#39;Hello World&#x26;#39;</span></span><span style=\\"counter-set: 1\\"></span></code></pre>"`;

exports[`createHighlighter > should render fixture: fixture.sh 1`] = `"<pre><code><span style=\\"counter-set: 0\\"><span style=\\"color: var(--shiki-color-text)\\">file=</span><span style=\\"color: var(--shiki-token-string-expression)\\">&#x26;quot;fixture&#x26;quot;</span></span><span style=\\"counter-set: 1\\"><span style=\\"color: var(--shiki-color-text)\\">extensions=(</span><span style=\\"color: var(--shiki-token-string-expression)\\">&#x26;quot;css&#x26;quot;</span><span style=\\"color: var(--shiki-color-text)\\"> </span><span style=\\"color: var(--shiki-token-string-expression)\\">&#x26;quot;js&#x26;quot;</span><span style=\\"color: var(--shiki-color-text)\\"> </span><span style=\\"color: var(--shiki-token-string-expression)\\">&#x26;quot;sh&#x26;quot;</span><span style=\\"color: var(--shiki-color-text)\\"> </span><span style=\\"color: var(--shiki-token-string-expression)\\">&#x26;quot;sh&#x26;quot;</span><span style=\\"color: var(--shiki-color-text)\\">)</span></span><span style=\\"counter-set: 2\\"></span><span style=\\"counter-set: 3\\"><span style=\\"color: var(--shiki-token-keyword)\\">for</span><span style=\\"color: var(--shiki-color-text)\\"> ext </span><span style=\\"color: var(--shiki-token-keyword)\\">in</span><span style=\\"color: var(--shiki-color-text)\\"> $&#x26;#123;extensions[*]&#x26;#125; </span><span style=\\"color: var(--shiki-token-keyword)\\">;</span><span style=\\"color: var(--shiki-color-text)\\"> </span><span style=\\"color: var(--shiki-token-keyword)\\">do</span></span><span style=\\"counter-set: 4\\"><span style=\\"color: var(--shiki-color-text)\\">  </span><span style=\\"color: var(--shiki-token-function)\\">echo</span><span style=\\"color: var(--shiki-color-text)\\"> </span><span style=\\"color: var(--shiki-token-string-expression)\\">&#x26;quot;$file.$&#x26;#123;ext&#x26;#125;&#x26;quot;</span></span><span style=\\"counter-set: 5\\"><span style=\\"color: var(--shiki-token-keyword)\\">done</span></span><span style=\\"counter-set: 6\\"></span><span style=\\"counter-set: 7\\"></span></code></pre>"`;

exports[`createHighlighter > should render fixture: fixture.ts 1`] = `"<pre><code><span style=\\"counter-set: 0\\"><span style=\\"color: var(--shiki-token-keyword)\\">function</span><span style=\\"color: var(--shiki-color-text)\\"> </span><span style=\\"color: var(--shiki-token-function)\\">hello</span><span style=\\"color: var(--shiki-color-text)\\">(value</span><span style=\\"color: var(--shiki-token-keyword)\\">:</span><span style=\\"color: var(--shiki-color-text)\\"> </span><span style=\\"color: var(--shiki-token-constant)\\">string</span><span style=\\"color: var(--shiki-color-text)\\"> </span><span style=\\"color: var(--shiki-token-keyword)\\">|</span><span style=\\"color: var(--shiki-color-text)\\"> </span><span style=\\"color: var(--shiki-token-constant)\\">undefined</span><span style=\\"color: var(--shiki-color-text)\\">) &#x26;#123;</span></span><span style=\\"counter-set: 1\\"><span style=\\"color: var(--shiki-color-text)\\">  </span><span style=\\"color: var(--shiki-token-keyword)\\">if</span><span style=\\"color: var(--shiki-color-text)\\"> (</span><span style=\\"color: var(--shiki-token-keyword)\\">typeof</span><span style=\\"color: var(--shiki-color-text)\\"> value </span><span style=\\"color: var(--shiki-token-keyword)\\">===</span><span style=\\"color: var(--shiki-color-text)\\"> </span><span style=\\"color: var(--shiki-token-string-expression)\\">&#x26;quot;string&#x26;quot;</span><span style=\\"color: var(--shiki-color-text)\\">) &#x26;#123;</span></span><span style=\\"counter-set: 2\\"><span style=\\"color: var(--shiki-color-text)\\">    </span><span style=\\"color: var(--shiki-token-constant)\\">console</span><span style=\\"color: var(--shiki-token-function)\\">.log</span><span style=\\"color: var(--shiki-color-text)\\">(</span><span style=\\"color: var(--shiki-token-string-expression)\\">&#x26;#96;Hello </span><span style=\\"color: var(--shiki-token-keyword)\\">$&#x26;#123;</span><span style=\\"color: var(--shiki-color-text)\\">value</span><span style=\\"color: var(--shiki-token-keyword)\\">&#x26;#125;</span><span style=\\"color: var(--shiki-token-string-expression)\\">&#x26;#96;</span><span style=\\"color: var(--shiki-color-text)\\">);</span></span><span style=\\"counter-set: 3\\"><span style=\\"color: var(--shiki-color-text)\\">  &#x26;#125; </span><span style=\\"color: var(--shiki-token-keyword)\\">else</span><span style=\\"color: var(--shiki-color-text)\\"> &#x26;#123;</span></span><span style=\\"counter-set: 4\\"><span style=\\"color: var(--shiki-color-text)\\">    </span><span style=\\"color: var(--shiki-token-keyword)\\">throw</span><span style=\\"color: var(--shiki-color-text)\\"> </span><span style=\\"color: var(--shiki-token-keyword)\\">new</span><span style=\\"color: var(--shiki-color-text)\\"> </span><span style=\\"color: var(--shiki-token-function)\\">Error</span><span style=\\"color: var(--shiki-color-text)\\">(</span><span style=\\"color: var(--shiki-token-string-expression)\\">&#x26;#96;Can not greet &#x26;#39;undefined&#x26;#39;!&#x26;#96;</span><span style=\\"color: var(--shiki-color-text)\\">);</span></span><span style=\\"counter-set: 5\\"><span style=\\"color: var(--shiki-color-text)\\">  &#x26;#125;</span></span><span style=\\"counter-set: 6\\"><span style=\\"color: var(--shiki-color-text)\\">&#x26;#125;</span></span><span style=\\"counter-set: 7\\"></span><span style=\\"counter-set: 8\\"><span style=\\"color: var(--shiki-token-function)\\">hello</span><span style=\\"color: var(--shiki-color-text)\\">(</span><span style=\\"color: var(--shiki-token-string-expression)\\">&#x26;quot;world!&#x26;quot;</span><span style=\\"color: var(--shiki-color-text)\\">);</span></span><span style=\\"counter-set: 9\\"></span></code></pre>"`;
